
[1m[7m[36m RUN [39m[27m[22m [36mv2.1.9 [39m[90m/home/runner/work/vitest-demo/vitest-demo[39m

[2mfilter:  [22m[33msrc/array-utils.test.ts > array-utils > sum > sums an array of numbers, src/array-utils.test.ts > array-utils > sum > returns 0 for empty array, src/calculator.test.ts > calculator > multiply > multiplies two numbers, src/calculator.test.ts > calculator > multiply > multiplies negative numbers, src/calculator.test.ts > calculator > multiply > multiplies by zero, src/validator.test.ts > validator > isStrongPassword > requires special characters, src/formatter.test.ts > formatter > truncate > trun[39m
[2minclude: [22m[33m**/*.{test,spec}.?(c|m)[jt]s?(x)[39m
[2mexclude:  [22m[33m**/node_modules/**[2m, [22m**/dist/**[2m, [22m**/cypress/**[2m, [22m**/.{idea,git,cache,output,temp}/**[2m, [22m**/{karma,rollup,webpack,vite,vitest,jest,ava,babel,nyc,cypress,tsup,build,eslint,prettier}.config.*[39m
[31m
No test files found, exiting with code 1[39m
